// Jest Snapshot v1, https://goo.gl/fbAQLP

exports[`Page component should match snapshot 1`] = `
<div>
  <div
    class="page"
  >
    <div
      class="MuiContainer-root MuiContainer-maxWidthLg css-1oqqzyl-MuiContainer-root"
    />
  </div>
</div>
`;
