// Jest Snapshot v1, https://goo.gl/fbAQLP

exports[`RotationItem should match snapshot 1`] = `
<div>
  <div
    class="MuiPaper-root MuiPaper-elevation MuiPaper-rounded MuiPaper-elevation1 css-fqm90g-MuiPaper-root"
  >
    <div
      class="card-header"
    >
      <div
        class="card-title"
      >
        Flight: 
        <b>
          AS1001
        </b>
      </div>
      <div
        class="card-icon"
      >
        <svg
          aria-hidden="true"
          class="MuiSvgIcon-root MuiSvgIcon-colorPrimary MuiSvgIcon-fontSizeMedium css-ci5apu-MuiSvgIcon-root"
          data-testid="AirplaneTicketIcon"
          focusable="false"
          viewBox="0 0 24 24"
        >
          <path
            d="M20.19 4H4c-1.1 0-1.99.9-1.99 2v4c1.1 0 1.99.9 1.99 2s-.89 2-2 2v4c0 1.1.9 2 2 2h16c1.1 0 2-.9 2-2V6c0-1.1-.81-2-1.81-2zm-2.46 9.3-8.86 2.36-1.66-2.88.93-.25 1.26.99 2.39-.64-2.4-4.16 1.4-.38 4.01 3.74 2.44-.65c.51-.14 1.04.17 1.18.68.13.51-.17 1.04-.69 1.19z"
          />
        </svg>
      </div>
    </div>
    <div
      class="card-body"
    >
      <div
        class="card-body_column"
      >
        <div
          style="text-align: left;"
        >
          Origin: 
           
          <b>
            LFSB
          </b>
        </div>
        <div>
          Departure: 
          <b>
            06:00
          </b>
        </div>
      </div>
      <div
        class="card-body_column"
      >
        <svg
          aria-hidden="true"
          class="MuiSvgIcon-root MuiSvgIcon-colorPrimary MuiSvgIcon-fontSizeMedium css-1ffxwdr-MuiSvgIcon-root"
          data-testid="ArrowForwardIcon"
          focusable="false"
          viewBox="0 0 24 24"
        >
          <path
            d="m12 4-1.41 1.41L16.17 11H4v2h12.17l-5.58 5.59L12 20l8-8z"
          />
        </svg>
      </div>
      <div
        class="card-body_column"
      >
        <div>
          Destination: 
           
          <b>
            LFMN
          </b>
        </div>
        <div
          style="text-align: right;"
        >
          Arrival: 
           
          <b>
            07:15
          </b>
        </div>
      </div>
    </div>
  </div>
</div>
`;
